[www.studiowebsite.com.br/index.html]
[backblue.gif]
[fade.gif]
[index.html]
[www.studiowebsite.com.br/wp-content/uploads/2023/12/logo_studiowebsite_02.png]
[www.studiowebsite.com.br/wp-content/plugins/jeg-elementor-kit/assets/css/elements/main6770.css]
[www.studiowebsite.com.br/wp-content/plugins/whatsapp-for-wordpress/assets/dist/css/styleef10.css]
[www.studiowebsite.com.br/wp-content/plugins/elementor/assets/css/frontend-lite.min11d9.css]
[www.studiowebsite.com.br/wp-content/plugins/elementor/assets/lib/swiper/v8/css/swiper.min94a4.css]
[www.studiowebsite.com.br/wp-content/uploads/elementor/css/post-10493a.css]
[www.studiowebsite.com.br/wp-content/plugins/powerpack-lite-for-elementor/assets/css/min/frontend.min2603.css]
[www.studiowebsite.com.br/feed/index.html]
[www.studiowebsite.com.br/wp-content/plugins/elementor-pro/assets/css/frontend-lite.min110d.css]
[www.studiowebsite.com.br/wp-content/uploads/elementor/css/post-1062006.css]
[www.studiowebsite.com.br/comments/feed/index.html]
[www.studiowebsite.com.br/wp-content/themes/hello-elementor/style.min5b0a.css]
[www.studiowebsite.com.br/wp-content/themes/hello-elementor/theme.min5b0a.css]
[www.studiowebsite.com.br/wp-content/plugins/jeg-elementor-kit/assets/fonts/jkiticon/jkiticon6770.css]
[www.studiowebsite.com.br/wp-includes/js/jquery/jquery.minf43b.js]
[www.studiowebsite.com.br/wp-includes/js/jquery/jquery-migrate.min5589.js]
[www.studiowebsite.com.br/wp-json/index.html]
[www.studiowebsite.com.br/wp-json/wp/v2/pages/106.json]
[www.studiowebsite.com.br/xmlrpc0db0.php]
[www.studiowebsite.com.br/wp-json/oembed/1.0/embeda81b.json]
[www.studiowebsite.com.br/wp-json/oembed/1.0/embed1bcd]
[www.studiowebsite.com.br/wp-content/plugins/webp-express/js/picturefill.min.js]
[www.studiowebsite.com.br/wp-content/uploads/2024/01/cropped-favicon-32x32.png]
[www.studiowebsite.com.br/wp-content/uploads/2024/01/cropped-favicon-192x192.png]
[www.studiowebsite.com.br/wp-content/uploads/2024/01/cropped-favicon-180x180.png]
[www.studiowebsite.com.br/wp-content/uploads/2024/03/Design_sem_nome__6_-removebg-preview-1.png]
[www.studiowebsite.com.br/wp-content/uploads/2024/02/Criativo-2-YouTube_1-1-1.mp4]
[www.studiowebsite.com.br/wp-content/uploads/2024/01/pexels-fauxels-3184611.jpg]
[www.studiowebsite.com.br/wp-content/uploads/2023/12/creative-coworkers-working-in-office-C7XHAQF.jpg]
[www.studiowebsite.com.br/wp-content/uploads/2023/12/dot.png]
[www.studiowebsite.com.br/wp-content/uploads/elementor/thumbs/creative-coworkers-working-in-office-3-qhl9n1jq4omehpm1ce9txkx3bb4ftyrn1mau8huj3c.jpg]
[www.studiowebsite.com.br/wp-content/uploads/2023/12/AutoShop-–-Templates-Dinamicos-–-Dante-Testa.png]
[www.studiowebsite.com.br/wp-content/uploads/2023/12/CTF-BRASIL-–-Construtora-Incorporadora-e-Energia-1.png]
[www.studiowebsite.com.br/wp-content/uploads/2023/12/Chroma-Lideranca-–-O-seu-hub-de-lideranca-e-estrategia.png]
[www.studiowebsite.com.br/wp-content/uploads/2023/12/Lig-Limp-Limpeza-–-Prestadora-de-Servicos-em-Geral.png]
[www.studiowebsite.com.br/wp-content/uploads/2023/12/M-Cardoso-Industria-–-M-Cardoso-Industria-1.png]
[www.studiowebsite.com.br/wp-content/uploads/2023/12/Faxina-Residencial-–-Atendemos-Asa-sul-e-Asa-Norte-–-Faxina-Residencial-1.png]
[www.studiowebsite.com.br/wp-content/uploads/2023/12/Fort-Engenharia-e-Projetos-–-Fort-Engenharia-e-Projetos.png]
[www.studiowebsite.com.br/wp-content/uploads/2023/12/RSI-TR1.png]
[www.studiowebsite.com.br/cdn-cgi/l/email-protection.html]
[www.studiowebsite.com.br/wp-content/uploads/trustindex-google-widget4396.css]
[www.studiowebsite.com.br/wp-content/plugins/elementor/assets/lib/animations/animations.min11d9.css]
[www.studiowebsite.com.br/cdn-cgi/scripts/5c5dd728/cloudflare-static/email-decode.min.js]
[www.studiowebsite.com.br/wp-includes/js/dist/vendor/wp-polyfill-inert.min0226.js]
[www.studiowebsite.com.br/wp-includes/js/dist/vendor/regenerator-runtime.min6c85.js]
[www.studiowebsite.com.br/wp-includes/js/dist/vendor/wp-polyfill.min2c7c.js]
[www.studiowebsite.com.br/wp-includes/js/dist/hooks.min2757.js]
[www.studiowebsite.com.br/wp-includes/js/dist/i18n.minc33c.js]
[www.studiowebsite.com.br/wp-content/plugins/presto-player/src/player/player-static9ea7.js]
[www.studiowebsite.com.br/wp-content/plugins/whatsapp-for-wordpress/assets/dist/js/njt-whatsapp9bf7.js]
[www.studiowebsite.com.br/wp-content/plugins/whatsapp-for-wordpress/assets/js/whatsapp-button9bf7.js]
[www.studiowebsite.com.br/wp-content/themes/hello-elementor/assets/js/hello-frontend.min8a54.js]
[www.studiowebsite.com.br/wp-content/plugins/elementor/assets/js/webpack.runtime.min11d9.js]
[www.studiowebsite.com.br/wp-content/plugins/elementor/assets/js/frontend-modules.min11d9.js]
[www.studiowebsite.com.br/wp-content/plugins/elementor/assets/lib/waypoints/waypoints.min05da.js]
[www.studiowebsite.com.br/wp-includes/js/jquery/ui/core.min3f14.js]
[www.studiowebsite.com.br/wp-content/plugins/elementor/assets/js/frontend.min11d9.js]
[www.studiowebsite.com.br/wp-content/plugins/jeg-elementor-kit/assets/js/elements/sticky-element6770.js]
[www.studiowebsite.com.br/wp-content/plugins/jeg-elementor-kit/assets/js/elements/nav-menu6770.js]
[www.studiowebsite.com.br/wp-content/plugins/jeg-elementor-kit/assets/js/elements/fun-fact6770.js]
[www.studiowebsite.com.br/wp-includes/js/imagesloaded.minbb93.js]
[www.studiowebsite.com.br/wp-content/plugins/powerpack-lite-for-elementor/assets/js/min/frontend.min2603.js]
[cdn.trustindex.io/loaderef10.js]
[www.studiowebsite.com.br/wp-content/plugins/whatsapp-for-wordpress/assets/js/whatsapp-popupef10.js]
[www.studiowebsite.com.br/indexe2f2.html]
[www.studiowebsite.com.br/wp-content/plugins/elementor-pro/assets/js/webpack-pro.runtime.min110d.js]
[www.studiowebsite.com.br/wp-content/plugins/elementor-pro/assets/js/frontend.min110d.js]
[www.studiowebsite.com.br/index.html]
[www.studiowebsite.com.br/wp-content/plugins/elementor-pro/assets/js/elements-handlers.min110d.js]
[www.studiowebsite.com.br/wp-content/plugins/jeg-elementor-kit/assets/css/elements/main6770.css]
[www.studiowebsite.com.br/wp-content/plugins/whatsapp-for-wordpress/assets/dist/css/styleef10.css]
[www.studiowebsite.com.br/wp-content/plugins/elementor/assets/css/frontend-lite.min11d9.css]
[www.studiowebsite.com.br/wp-content/plugins/elementor/assets/lib/swiper/v8/css/swiper.min94a4.css]
[www.studiowebsite.com.br/wp-content/uploads/elementor/css/post-10493a.css]
[www.studiowebsite.com.br/wp-content/plugins/powerpack-lite-for-elementor/assets/css/min/frontend.min2603.css]
[www.studiowebsite.com.br/wp-content/plugins/elementor-pro/assets/css/frontend-lite.min110d.css]
[www.studiowebsite.com.br/wp-content/plugins/jeg-elementor-kit/assets/img/letter-x.svg]
[www.studiowebsite.com.br/wp-content/uploads/elementor/css/post-1062006.css]
[www.studiowebsite.com.br/wp-content/themes/hello-elementor/style.min5b0a.css]
[www.studiowebsite.com.br/wp-content/themes/hello-elementor/theme.min5b0a.css]
[www.studiowebsite.com.br/wp-content/plugins/elementor/assets/mask-shapes/circle.svg]
[www.studiowebsite.com.br/wp-content/plugins/jeg-elementor-kit/assets/fonts/jkiticon/jkiticon7107.eot]
[www.studiowebsite.com.br/wp-content/plugins/jeg-elementor-kit/assets/fonts/jkiticon/jkiticon7107.woff2]
[www.studiowebsite.com.br/wp-content/plugins/jeg-elementor-kit/assets/fonts/jkiticon/jkiticon7107.woff]
[www.studiowebsite.com.br/wp-content/plugins/jeg-elementor-kit/assets/fonts/jkiticon/jkiticon7107.ttf]
[www.studiowebsite.com.br/wp-content/plugins/jeg-elementor-kit/assets/fonts/jkiticon/jkiticon6770.css]
[www.googletagmanager.com/gtm5445.html]
[www.studiowebsite.com.br/wp-content/uploads/2023/12/dot.html]
[www.studiowebsite.com.br/cdn-cgi/l/email-protection.html]
[www.studiowebsite.com.br/wp-content/plugins/jeg-elementor-kit/lib/jeg-framework/assets/css/jeg-dynamic-styles6f3e.css]
[www.studiowebsite.com.br/wp-content/uploads/trustindex-google-widget4396.css]
[www.studiowebsite.com.br/wp-content/plugins/elementor/assets/lib/animations/animations.min11d9.css]
[www.studiowebsite.com.br/indexe2f2.html]
[www.studiowebsite.com.br/wp-content/plugins/jeg-elementor-kit/assets/img/letter-x.svg]
[www.studiowebsite.com.br/wp-content/plugins/elementor/assets/mask-shapes/circle.svg]
[www.studiowebsite.com.br/wp-content/plugins/jeg-elementor-kit/assets/fonts/jkiticon/jkiticon7107.svg]
[www.studiowebsite.com.br/wp-content/plugins/jeg-elementor-kit/assets/fonts/jkiticon/jkiticon7107.svg]
